// Jest Snapshot v1, https://goo.gl/fbAQLP

exports[`<Item/> renders and matches the snapshot 1`] = `"$50.34"`;

exports[`<Item/> renders and matches the snapshot 2`] = `"Â£50"`;
