// Jest Snapshot v1, https://goo.gl/fbAQLP

exports[`<SingleItem/> Errors with a not found item 1`] = `
<p
  data-test="graphql-error"
>
  <strong>
    Shoot!
  </strong>
  Items Not Found!
</p>
`;

exports[`<SingleItem/> renders with proper data 1`] = `null`;

exports[`<SingleItem/> renders with proper data 2`] = `null`;

exports[`<SingleItem/> renders with proper data 3`] = `
<p>
  No Item Found! for 
  123
</p>
`;
